
Welcome to Gradle 8.10.2!

Here are the highlights of this release:
 - Support for Java 23
 - Faster configuration cache
 - Better configuration cache reports

For more details see https://docs.gradle.org/8.10.2/release-notes.html

To honour the JVM settings for this build a single-use Daemon process will be forked. For more on this, please refer to https://docs.gradle.org/8.10.2/userguide/gradle_daemon.html#sec:disabling_the_daemon in the Gradle documentation.
Daemon will be stopped at the end of the build 

> Configure project :
Fabric Loom: 1.8.13
~~~~~~~~~~~~~~~~~~~~~~~~~~~~~~~~~~~~~~~~~~~~~~~~~~~~~~~~~~~~~~
Using of the official minecraft mappings is at your own risk!
Please make sure to read and understand the following license:
~~~~~~~~~~~~~~~~~~~~~~~~~~~~~~~~~~~~~~~~~~~~~~~~~~~~~~~~~~~~~~
# (c) 2020 Microsoft Corporation. These mappings are provided "as-is" and you bear the risk of using them. You may copy and use the mappings for development purposes, but you may not redistribute the mappings complete and unmodified. Microsoft makes no warranties, express or implied, with respect to the mappings provided here.  Use and modification of this document or the source code (in any form) of Minecraft: Java Edition is governed by the Minecraft End User License Agreement available at https://account.mojang.com/documents/minecraft_eula.
~~~~~~~~~~~~~~~~~~~~~~~~~~~~~~~~~~~~~~~~~~~~~~~~~~~~~~~~~~~~~~
:remapping 50 mods from modImplementation (java-api)

> Task :clean

> Task :compileJava
Patched private SpriteParticleRegistration ABI in /home/runner/work/mod-sample/mod-sample/.ci/atmospherics/work/build/classes/java/main/net/neoforged/neoforge/client/event/RegisterParticleProvidersEvent.class

> Task :processResources
> Task :classes
> Task :compileTestJava NO-SOURCE
> Task :jar
> Task :processIncludeJars
> Task :remapJar
gradle/actions: Writing build results to /home/runner/work/_temp/.gradle-actions/build-results/__run_2-1787551042440.json

BUILD SUCCESSFUL in 57s
6 actionable tasks: 6 executed
